[1/10] Treasure Grid — deduce a hidden (row, col) cell on an 8x8 pi valid=True regret=0.0833
[2/10] Hidden-order run-length cipher — solver must infer whether t valid=False regret=0.2
[3/10] Fog-of-War Courier Routing — a 5-stop Manhattan-distance del valid=True regret=0.0
[4/10] House-Drink Link Deduction — 3 houses hide independent pet a valid=False regret=0.0
[5/10] Conjunction Cipher — solver must decode two planets' hidden  valid=False regret=0.5
[6/10] Scouted Knapsack — costs are public but each project's true  valid=True regret=0.0295
[7/10] Treasure Map Triangulation — deduce a hidden grid cell from  valid=False regret=0.0
[8/10] Symmetry-Rule Inference — a hidden transformation (one of 5  valid=False regret=0.0
[9/10] Portfolio Budget — 0/1-knapsack selection where costs are pu valid=False regret=None
[10/10] Sealed-Room Wiring — a hidden bijection between 4 control-ro valid=False regret=0.3333
Traceback (most recent call last):
  File "<frozen runpy>", line 198, in _run_module_as_main
  File "<frozen runpy>", line 88, in _run_code
  File "/home/user/spade-zero-gradient/szg/cli.py", line 318, in <module>
    sys.exit(main())
             ^^^^^^
  File "/home/user/spade-zero-gradient/szg/cli.py", line 314, in main
    return args.fn(args)
           ^^^^^^^^^^^^^
  File "/home/user/spade-zero-gradient/szg/cli.py", line 223, in cmd_probe
    score = score_round(records)
            ^^^^^^^^^^^^^^^^^^^^
  File "/home/user/spade-zero-gradient/szg/fitness.py", line 56, in score_round
    learnable_fraction=(sum(1 for r in env_records if is_learnable(r.get("win_nohint", -1))) / n) if n else 0.0,
                        ^^^^^^^^^^^^^^^^^^^^^^^^^^^^^^^^^^^^^^^^^^^^^^^^^^^^^^^^^^^^^^^^^^^^
  File "/home/user/spade-zero-gradient/szg/fitness.py", line 56, in <genexpr>
    learnable_fraction=(sum(1 for r in env_records if is_learnable(r.get("win_nohint", -1))) / n) if n else 0.0,
                                                      ^^^^^^^^^^^^^^^^^^^^^^^^^^^^^^^^^^^^^
  File "/home/user/spade-zero-gradient/szg/gates.py", line 74, in is_learnable
    return LEARNABLE_LO <= win_nohint <= LEARNABLE_HI
           ^^^^^^^^^^^^^^^^^^^^^^^^^^^^^^^^^^^^^^^^^^
TypeError: '<=' not supported between instances of 'float' and 'NoneType'
